2026-03-04 10:12:39,121 | INFO | chromadb.telemetry.product.posthog | Anonymized telemetry enabled. See                     https://docs.trychroma.com/telemetry for more information.
2026-03-04 10:12:39,211 | INFO | verify_ingestion | ============================================================
2026-03-04 10:12:39,211 | INFO | verify_ingestion | 🔍 VÉRIFICATION DU VECTOR STORE
2026-03-04 10:12:39,211 | INFO | verify_ingestion | ============================================================
2026-03-04 10:12:39,232 | INFO | verify_ingestion | 📊 Total chunks indexés : 247
2026-03-04 10:12:39,245 | INFO | verify_ingestion | 
📁 CHUNKS PAR FICHIER :
2026-03-04 10:12:39,245 | INFO | verify_ingestion |    📄 Attestation d’assurance pour la nouvelle période de garantie.pdf → 11 chunks
2026-03-04 10:12:39,245 | INFO | verify_ingestion |    📄 CVFACS-AUTO-A568855-02-20230313-150255.PDF → 5 chunks
2026-03-04 10:12:39,245 | INFO | verify_ingestion |    📄 CVPROV-AUTO-A568855-02-20230313-150337.PDF → 5 chunks
2026-03-04 10:12:39,245 | INFO | verify_ingestion |    📄 Echéancier.pdf → 8 chunks
2026-03-04 10:12:39,245 | INFO | verify_ingestion |    📄 KBIS.pdf → 3 chunks
2026-03-04 10:12:39,245 | INFO | verify_ingestion |    📄 KDYEM GAYA (1).pdf → 130 chunks
2026-03-04 10:12:39,245 | INFO | verify_ingestion |    📄 KDYEM GAYA - NEOSPACE - Campus.pdf → 81 chunks
2026-03-04 10:12:39,245 | INFO | verify_ingestion |    📄 Kbis KDYEM.pdf → 4 chunks
2026-03-04 10:12:39,245 | INFO | verify_ingestion | 
📏 TAILLE DES CHUNKS :
2026-03-04 10:12:39,245 | INFO | verify_ingestion |    Min  : 85 chars
2026-03-04 10:12:39,245 | INFO | verify_ingestion |    Max  : 511 chars
2026-03-04 10:12:39,245 | INFO | verify_ingestion |    Moy  : 445 chars
2026-03-04 10:12:39,245 | INFO | verify_ingestion | 
🔑 VÉRIFICATION IDs :
2026-03-04 10:12:39,245 | INFO | verify_ingestion |    ✅ Tous les IDs sont uniques (247)
2026-03-04 10:12:39,245 | INFO | verify_ingestion |    ✅ Aucun chunk vide
2026-03-04 10:12:39,245 | INFO | verify_ingestion | 
👀 APERÇU DE 3 CHUNKS :
2026-03-04 10:12:39,245 | INFO | verify_ingestion | 
   --- Chunk 133 ---
2026-03-04 10:12:39,245 | INFO | verify_ingestion |    ID       : KDYEM GAYA (1).pdf_6bd109e170b3
2026-03-04 10:12:39,245 | INFO | verify_ingestion |    Source   : KDYEM GAYA (1).pdf
2026-03-04 10:12:39,245 | INFO | verify_ingestion |    Taille   : 477 chars
2026-03-04 10:12:39,245 | INFO | verify_ingestion |    Aperçu   : s’engage, par ailleurs, à respecter les formalités à accomplir dès l’arrivée dans lesdits locaux ainsi que 
celles prévues au terme des Prestations (r...
2026-03-04 10:12:39,245 | INFO | verify_ingestion | 
   --- Chunk 71 ---
2026-03-04 10:12:39,245 | INFO | verify_ingestion |    ID       : KDYEM GAYA - NEOSPACE - Campus.pdf_2931111e06c9
2026-03-04 10:12:39,245 | INFO | verify_ingestion |    Source   : KDYEM GAYA - NEOSPACE - Campus.pdf
2026-03-04 10:12:39,245 | INFO | verify_ingestion |    Taille   : 419 chars
2026-03-04 10:12:39,245 | INFO | verify_ingestion |    Aperçu   : SOLUTIONS 30 IT FRANCE souhaite partager ces princi pes avec ses partenaires commerciaux et s’assurer, 
dans la mesure du possible, que ces derniers r...
2026-03-04 10:12:39,245 | INFO | verify_ingestion | 
   --- Chunk 117 ---
2026-03-04 10:12:39,245 | INFO | verify_ingestion |    ID       : KDYEM GAYA (1).pdf_66cce520eb78
2026-03-04 10:12:39,245 | INFO | verify_ingestion |    Source   : KDYEM GAYA (1).pdf
2026-03-04 10:12:39,245 | INFO | verify_ingestion |    Taille   : 482 chars
2026-03-04 10:12:39,245 | INFO | verify_ingestion |    Aperçu   : selon lesquelles le Client confie au Prestataire, les prestations décrites en Annexe 1 (ci-après 
désignées les « Prestations ») consistant notamment...
2026-03-04 10:12:39,245 | INFO | verify_ingestion | 
============================================================
2026-03-04 10:12:39,245 | INFO | verify_ingestion | ✅ VÉRIFICATION TERMINÉE
2026-03-04 10:12:39,245 | INFO | verify_ingestion | ============================================================
